=== Civilization batch: 8 civs x 5 sims each ===

[The Grounded] running 5 sims...
[The Whimsical] running 5 sims...
[The Formal] running 5 sims...
[The Poetic] running 5 sims...
[The Precise] running 5 sims...
[The Mythic] running 5 sims...
[The Therapist] running 5 sims...
[The Engineer] running 5 sims...

=== Civilization competitions: 5 prompts ===

[Write 100 words on the bookkeeper's role....]
  Winner: The Poetic (civ-poetic)
  Scores: civ-whimsical=2.78, civ-poetic=2.68

[Write 100 words on the witness log....]
  Winner: The Grounded (civ-grounded)
  Scores: civ-formal=2.27, civ-grounded=1.84, civ-therapist=2.57, civ-engineer=2.23, civ-mythic=2.50, civ-whimsical=2.93, civ-poetic=2.78

[Write 100 words on ternary values....]
  Winner: The Formal (civ-formal)
  Scores: civ-formal=2.13, civ-whimsical=2.65, civ-poetic=2.53

[Write 100 words on JEV as a decision oracle....]
  Winner: The Whimsical (civ-whimsical)
  Scores: civ-whimsical=2.63

=== Civilization batch: 8 civs x 5 sims each ===

[The Grounded] running 5 sims...
[The Whimsical] running 5 sims...
[The Formal] running 5 sims...
[The Poetic] running 5 sims...
[The Precise] running 5 sims...
[The Mythic] running 5 sims...
[The Therapist] running 5 sims...
[The Engineer] running 5 sims...

=== Civilization competitions: 5 prompts ===

[Write 100 words on what a cell is....]
  Winner: The Grounded (civ-grounded)
  Scores: civ-grounded=2.16, civ-whimsical=2.92

[Write 100 words on the bookkeeper's role....]
  Winner: The Precise (civ-precise)
  Scores: civ-engineer=2.23, civ-precise=1.86, civ-grounded=2.30, civ-formal=2.28, civ-mythic=2.48, civ-therapist=2.79, civ-whimsical=2.89, civ-poetic=2.61

[Write 100 words on the witness log....]
  Winner: The Grounded (civ-grounded)
  Scores: civ-mythic=2.50, civ-whimsical=2.82, civ-grounded=2.49, civ-engineer=2.14, civ-precise=1.97, civ-poetic=2.66

=== Civilization batch: 8 civs x 5 sims each ===

[The Grounded] running 5 sims...
[The Whimsical] running 5 sims...
[The Formal] running 5 sims...
[The Poetic] running 5 sims...
[The Precise] running 5 sims...
[The Mythic] running 5 sims...
[The Therapist] running 5 sims...
[The Engineer] running 5 sims...

=== Civilization competitions: 5 prompts ===

[Write 100 words on what a cell is....]
  Winner: The Precise (civ-precise)
  Scores: civ-therapist=2.47, civ-grounded=1.94, civ-engineer=2.15, civ-poetic=2.85, civ-formal=1.88, civ-precise=2.01, civ-whimsical=2.87

[Write 100 words on the bookkeeper's role....]
  Winner: The Precise (civ-precise)
  Scores: civ-formal=2.11, civ-grounded=1.98, civ-therapist=2.75, civ-engineer=2.28, civ-whimsical=2.75, civ-mythic=2.58, civ-poetic=2.70, civ-precise=1.95

[Write 100 words on ternary values....]
  Winner: The Whimsical (civ-whimsical)
  Scores: civ-whimsical=2.38

[Write 100 words on JEV as a decision oracle....]
  Winner: The Precise (civ-precise)
  Scores: civ-therapist=2.55, civ-whimsical=2.82, civ-mythic=2.49, civ-poetic=2.70, civ-formal=2.16, civ-grounded=2.27, civ-precise=2.26, civ-engineer=1.88

=== Civilization batch: 8 civs x 5 sims each ===

[The Grounded] running 5 sims...
[The Whimsical] running 5 sims...
[The Formal] running 5 sims...
[The Poetic] running 5 sims...
[The Precise] running 5 sims...
[The Mythic] running 5 sims...
[The Therapist] running 5 sims...
[The Engineer] running 5 sims...

=== Civilization competitions: 5 prompts ===

[Write 100 words on what a cell is....]
  Winner: The Grounded (civ-grounded)
  Scores: civ-formal=1.96, civ-whimsical=2.95, civ-poetic=2.95, civ-grounded=1.90, civ-therapist=2.65

[Write 100 words on the bookkeeper's role....]
  Winner: The Precise (civ-precise)
  Scores: civ-precise=1.78, civ-engineer=2.25, civ-grounded=2.05, civ-formal=2.01, civ-poetic=2.70

[Write 100 words on the witness log....]
  Winner: The Grounded (civ-grounded)
  Scores: civ-therapist=2.64, civ-formal=2.20, civ-whimsical=2.97, civ-grounded=2.32, civ-poetic=2.55

[Write 100 words on ternary values....]
  Winner: The Precise (civ-precise)
  Scores: civ-formal=1.81, civ-grounded=1.55, civ-mythic=2.36, civ-poetic=2.47, civ-whimsical=2.71, civ-precise=2.35

[Write 100 words on JEV as a decision oracle....]
  Winner: The Engineer (civ-engineer)
  Scores: civ-mythic=2.38, civ-precise=2.25, civ-whimsical=2.65, civ-poetic=2.52, civ-formal=2.23, civ-engineer=2.13, civ-therapist=2.65, civ-grounded=2.37

=== Civilization batch: 8 civs x 5 sims each ===

[The Grounded] running 5 sims...
[The Whimsical] running 5 sims...
[The Formal] running 5 sims...
[The Poetic] running 5 sims...
[The Precise] running 5 sims...
[The Mythic] running 5 sims...
[The Therapist] running 5 sims...
[The Engineer] running 5 sims...

=== Civilization competitions: 5 prompts ===

[Write 100 words on the witness log....]
  Winner: The Grounded (civ-grounded)
  Scores: civ-formal=2.46, civ-grounded=1.84, civ-poetic=2.76

[Write 100 words on ternary values....]
  Winner: The Formal (civ-formal)
  Scores: civ-grounded=1.97, civ-mythic=2.41, civ-formal=1.81, civ-precise=1.89, civ-whimsical=2.68, civ-therapist=2.37, civ-engineer=1.62, civ-poetic=2.51

[Write 100 words on JEV as a decision oracle....]
  Winner: The Precise (civ-precise)
  Scores: civ-whimsical=2.70, civ-formal=2.13, civ-poetic=2.65, civ-therapist=2.49, civ-mythic=2.57, civ-precise=2.08

=== Civilization batch: 8 civs x 5 sims each ===

[The Grounded] running 5 sims...
[The Whimsical] running 5 sims...
[The Formal] running 5 sims...
[The Poetic] running 5 sims...
[The Precise] running 5 sims...
[The Mythic] running 5 sims...
[The Therapist] running 5 sims...
[The Engineer] running 5 sims...

=== Civilization competitions: 5 prompts ===

[Write 100 words on what a cell is....]
  Winner: The Therapist (civ-therapist)
  Scores: civ-poetic=2.84, civ-therapist=2.05

=== Civilization batch: 8 civs x 5 sims each ===

[The Grounded] running 5 sims...
[The Whimsical] running 5 sims...
[The Formal] running 5 sims...
[The Poetic] running 5 sims...
[The Precise] running 5 sims...
[The Mythic] running 5 sims...
[The Therapist] running 5 sims...
[The Engineer] running 5 sims...

=== Civilization competitions: 5 prompts ===

[Write 100 words on what a cell is....]
  Winner: The Precise (civ-precise)
  Scores: civ-grounded=1.69, civ-engineer=2.17, civ-mythic=2.89, civ-therapist=2.55, civ-whimsical=2.79, civ-precise=2.12, civ-poetic=2.78, civ-formal=2.00

[Write 100 words on the bookkeeper's role....]
  Winner: The Precise (civ-precise)
  Scores: civ-grounded=2.00, civ-mythic=2.71, civ-therapist=2.93, civ-whimsical=3.00, civ-formal=1.90, civ-engineer=2.28, civ-precise=2.06, civ-poetic=2.69

[Write 100 words on the witness log....]
  Winner: The Precise (civ-precise)
  Scores: civ-formal=2.05, civ-therapist=2.49, civ-precise=2.08, civ-grounded=2.26, civ-whimsical=2.91, civ-poetic=2.69, civ-engineer=2.04

[Write 100 words on ternary values....]
  Winner: The Precise (civ-precise)
  Scores: civ-formal=1.91, civ-grounded=1.64, civ-therapist=2.46, civ-mythic=2.41, civ-whimsical=2.55, civ-engineer=1.75, civ-poetic=2.68, civ-precise=2.02

=== Civilization batch: 8 civs x 5 sims each ===

[The Grounded] running 5 sims...
[The Whimsical] running 5 sims...
[The Formal] running 5 sims...
[The Poetic] running 5 sims...
[The Precise] running 5 sims...
[The Mythic] running 5 sims...
[The Therapist] running 5 sims...
[The Engineer] running 5 sims...

=== Civilization competitions: 5 prompts ===

[Write 100 words on what a cell is....]
  Winner: The Formal (civ-formal)
  Scores: civ-formal=1.91, civ-whimsical=2.96, civ-engineer=2.20, civ-precise=1.96, civ-grounded=2.01, civ-therapist=2.71, civ-mythic=2.55, civ-poetic=2.93

[Write 100 words on JEV as a decision oracle....]
  Winner: The Engineer (civ-engineer)
  Scores: civ-mythic=2.45, civ-whimsical=2.75, civ-therapist=2.35, civ-poetic=2.64, civ-engineer=1.93

=== Civilization batch: 8 civs x 5 sims each ===

[The Grounded] running 5 sims...
[The Whimsical] running 5 sims...
[The Formal] running 5 sims...
[The Poetic] running 5 sims...
[The Precise] running 5 sims...
[The Mythic] running 5 sims...
[The Therapist] running 5 sims...
[The Engineer] running 5 sims...

=== Civilization competitions: 5 prompts ===

[Write 100 words on the bookkeeper's role....]
  Winner: The Grounded (civ-grounded)
  Scores: civ-whimsical=2.63, civ-grounded=2.24, civ-poetic=2.74

[Write 100 words on the witness log....]
  Winner: The Grounded (civ-grounded)
  Scores: civ-formal=2.28, civ-grounded=2.48

[Write 100 words on JEV as a decision oracle....]
  Winner: The Whimsical (civ-whimsical)
  Scores: civ-whimsical=2.38

