=== Civilization batch: 8 civs x 15 sims each ===

[The Grounded] running 15 sims...
[The Whimsical] running 15 sims...
[The Formal] running 15 sims...
[The Poetic] running 15 sims...
[The Precise] running 15 sims...
[The Mythic] running 15 sims...
[The Therapist] running 15 sims...
[The Engineer] running 15 sims...

=== Civilization competitions: 10 prompts ===

[Write 100 words on the bookkeeper's role....]
  Winner: The Grounded (civ-grounded)
  Scores: civ-grounded=2.26, civ-whimsical=2.82

[Write 100 words on the witness log....]
  Winner: The Grounded (civ-grounded)
  Scores: civ-poetic=2.92, civ-whimsical=2.97, civ-grounded=2.30

[Write 100 words on ternary values....]
  Winner: The Formal (civ-formal)
  Scores: civ-formal=2.17, civ-poetic=2.68, civ-grounded=1.99, civ-whimsical=2.50

[Write 100 words on JEV as a decision oracle....]
  Winner: The Grounded (civ-grounded)
  Scores: civ-formal=1.98, civ-whimsical=2.69, civ-therapist=2.26, civ-mythic=2.55, civ-poetic=2.33, civ-engineer=1.88, civ-grounded=1.61, civ-precise=2.12

[Write 100 words on cellular-first design....]
  Winner: The Grounded (civ-grounded)
  Scores: civ-grounded=1.76, civ-mythic=2.60, civ-whimsical=2.81, civ-therapist=2.47, civ-formal=2.13, civ-precise=1.91, civ-engineer=1.92

[Write 100 words on what makes a cell TICK....]
  Winner: The Grounded (civ-grounded)
  Scores: civ-mythic=2.49, civ-whimsical=2.75, civ-grounded=2.26, civ-poetic=2.58, civ-engineer=2.22

