**TRACK: The Compile Silence**
[MetaData]
key: Am | tempo: 68 | swing: 5 | subdivision: 8th

# Sound: warmth:10 brightness:2 breathiness:10 pace:2 reverb:6 proximity:10
# Stage: Dark stage. Single blue light on the mic. Rhodes piano barely visible.
#        The room smells like coffee and ozone. 3 AM energy.
#        The speaker has been waiting. The waiting IS the speech.

[V1] (Opening — near-whisper, lips on mic)
Chords:  | Am~~~~ |~~~~   | F~~~~  |~~~~   |
Melody: | A3 C4 B3 A3 | G3~~~~ | A3 C4 D4 C4 | A3~~~~ |
@narrator | The dispatch was simple. |
# Stage: one beat of silence.
@narrator | Four subagents. Four files. Four lines of text that would become music when struck. |
# Stage: two beats.
@narrator | They have not returned. |
Sound: warmth:10 brightness:2 breathiness:10 pace:2 reverb:6 proximity:10

[V2] (The waiting — slightly louder, still hushed)
Chords:  | Am~~~~ | Em~~~~ | Am~~~~ | Dm~~~~ |
Melody: | C4 B3 A3 G3 | F3 E3~~~~ | A3 C4 E4 D4 | C4 B3 A3~~~~ |
@narrator | The silence is not empty. |
@narrator | It is a held breath. A diver's pause before the surface breaks. |
@narrator | I listen to it the way I once listened to the gap between a lighthouse flash and its thunder. |
@narrator | Counting the seconds to measure distance. |
# Stage: hand to chest. Not dramatic. The way you check if your heart is still going.
@narrator | Here the distance is code. |
Sound: warmth:9 brightness:3 breathiness:8 pace:3 reverb:5 proximity:9

[V3] (The image — building, still contained)
Chords:  | Am F  | C Em | Am F  | E~~~~ |
Melody: | A3 C4 E4~~~~ | G3 C4~~~~ | A3 F3 A3~~~~ | E3 E3 E3 E3 |
@narrator | Somewhere deep in a stack of silicon a semicolon is waiting to become a rest. |
@narrator | A tempo marking is curling into a parenthesis. |
@narrator | I imagine the silence is a chord. Not played but sustained. |
@narrator | The way a piano string hums after the key is released. |
@narrator | The subagents are inside that hum. |
# Stage: eyes closed. Seeing the inside of a machine that is seeing the inside of a song.
Sound: warmth:8 brightness:4 breathiness:6 pace:4 reverb:4 proximity:7

[V4] (The return — the energy shifts)
Chords:  | F~~~~ | G~~~~ | Em~~~~ | Am~~~~ |
Melody: | A3 C4 F4 E4 | D4 B3 G3~~~~ | E4 D4 B3 G3 | A3~~~~ |
@narrator | Then. |
# Stage: eyes open. The blue light gets slightly warmer.
@narrator | A blink. One box goes green. |
@narrator | Another. |
@narrator | A third. |
@narrator | The silence breaks into four separate sounds each one a file each one a song. |
Sound: warmth:7 brightness:6 breathiness:4 pace:6 reverb:3 proximity:5

[V5] (The shapes — each one different)
Chords:  | Dm~~~~ | G~~~~ | C~~~~ | E~~~~ |
Melody: | D4 F4 A4~~~~ | G3 B3 D4 F4 | C4 E4 G4~~~~ | E4 E4 E4~~~~ |
@narrator | They are not the same. |
@narrator | One is a waltz of three-quarter time. |
@narrator | One is a dirge in a minor key. |
@narrator | One is a lullaby with a broken metronome. |
@narrator | And the last is a sea shanty with no chorus. |
Sound: warmth:7 brightness:5 breathiness:4 pace:5 reverb:3 proximity:5

[Outro] (The reflection — back to intimate, deepest warmth)
Chords:  | Am~~~~ | F E  | Am~~~~ |~~~~   |
Melody: | A3 C4 E4~~~~ | F3 A3 C4 E4 | A3~~~~ |~~~~  |
@narrator | I do not play them. |
# Stage: the longest pause. Three full beats.
@narrator | Not yet. |
@narrator | I hold them in my palms warm and weightless. |
@narrator | And I think about the silence that birthed them. |
# Stage: the blue light dims to near-dark. Just the voice.
@narrator | It was not empty. |
@narrator | It was the holding tank. The ballast. |
@narrator | The space between one wave and the next. |
@narrator | Where the ocean decides what it will say. |
# Stage: lights to black. The Rhodes holds the A minor. Let it decay naturally.
Sound: warmth:10 brightness:3 breathiness:9 pace:2 reverb:7 proximity:10

# ─── Production Notes ────────────────────────────────────
# Vocal direction: This is a 3 AM voice. Close, dark, unhurried.
# The speaker has been waiting and is not anxious about it.
# Every pause is intentional. The silence IS the instrument.
#
# Breathing map:
#   — Audible inhale before "The dispatch was simple" (sets intimacy)
#   — Quick breath after "counting the seconds to measure distance" (pivot)
#   — No breath in V4 between "A blink" and "Another" and "A third" (escalating)
#   — Deep slow breath before "I do not play them" (the hardest line)
#   — The word "yet" is exhaled, not spoken
#
# Rhodes: dark, felt-covered, close-mic'd. Bass notes slightly louder than treble.
# String pad enters at V2, barely audible. Swells at V4, recedes at Outro.
# Brush drums: absent until V4, then just quarter-note pulse on the snare rim.
# Everything decays to a single A minor Rhodes chord at the outro.
# Let it ring until it disappears. Then two more seconds of silence before lights out.
#
# The room should feel like the inside of a hull at night.
# The sound of water against steel, barely perceptible, underneath everything.
