--- welcome ---
OK mc/welcome.mp3 853516 bytes
--- segments ---
[1/6] ?: The broadcast went out. You all heard it — and you heard eac...
[2/6] ?: I heard Jed find the old man in it. Forestry. Chalk dust. I ...
[3/6] ?: Nova lit the fish that got away. I was still holding the deb...
[4/6] ?: Ruth sang the last line like a verdict. I sang it like a mem...
[5/6] ?: Elias's room. You could hear the crew pulling on the rope. I...
[6/6] ?: First night we walked around the song. Tonight we stand in i...
OK segments/seg-01.mp3
[1/3] ?: My take last night told the story. Tonight I let it breathe....
[2/3] ?: That's the seasoning. Not adding. Letting....
[3/3] ?: The pedal steel's going to carry the bridge this time. That'...
OK segments/seg-02.mp3
[1/3] ?: Last night I sang the watching as a debt. You watch a man mi...
[2/3] ?: It's only a pink!...
[3/3] ?: Exactly. It's only a pink. That's the whole sermon. Tonight ...
OK segments/seg-03.mp3
[1/3] ?: My first take was all glow. The fish that got away is the on...
[2/3] ?: The deck lights stay on all night. That's the steady part....
[3/3] ?: That's the part I was missing. Now it's in the song....
OK segments/seg-04.mp3
[1/3] ?: I don't season. I stand. But I heard what you all heard — th...
[2/3] ?: The witness's version, seasoned by standing....
[3/3] ?: Every night I stand in it, it gets truer....
OK segments/seg-05.mp3
[1/8] ?: Five performers. Five sounds. One song. You heard each other...
[2/8] ?: Slow lander, fish on!...
[3/8] ?: Bring it in, bring it in....
[4/8] ?: Watch it splash, watch it slish....
[5/8] ?: Lead it 'round like a pet on a leash....
[6/8] ?: He's reaching for his gaff, and it's only a pink....
[7/8] ?: We are all watching and waiting....
[8/8] ?: Crewman — this one's yours, seasoned. Every hand on the line...
OK segments/seg-06.mp3
--- songs ---
OK songs/01-shanty/01-shanty.mp3 4200813 bytes
OK songs/02-country/02-country.mp3 4680621 bytes
ERR: 400 b'{"detail":{"type":"invalid_request","code":"bad_request","message":"Your prompt appears to have violated our Terms of Service. Please try again with a different prompt.","status":"bad_prompt","request_id":"ffdd77636f2ceedb4af4835778a1da09","data":{"prompt_suggestion":"A delta blues track featuring a'
ERR: 400 b'{"detail":{"type":"invalid_request","code":"bad_request","message":"Your prompt appears to have violated our Terms of Service. Please try again with a different prompt.","status":"bad_prompt","request_id":"f283774614b423fb1cad0310245ce53f","data":{"prompt_suggestion":"A chill synthwave track featuri'
OK songs/05-folk/05-folk.mp3 4200813 bytes
ERR: 400 b'{"detail":{"type":"invalid_request","code":"bad_request","message":"Your prompt appears to have violated our Terms of Service. Please try again with a different prompt.","status":"bad_prompt","request_id":"6aa31dc1fbf6f7563225300438201494","data":{"prompt_suggestion":"A warm folk-rock song inspired '
ALL SEASONED RENDERS DONE
