kimi version 0.38.0
• Just output strict JSON. Compose the lead sheet.

  Key: C major. 24 bars total, chords array per section matching bars (one chord per bar or two for bridge max).

  Let me compose melodies carefully, beat offsets within section.

  INTRO 2 bars: chords ["Cmaj7","F6"]. Melody sparse: E4, G4...

  VERSE 4 bars: chords ["Cmaj7","Am7","Dm7","G7"]. Stepwise typing melody.

  CHORUS 4 bars: ["Cmaj7","F6","G7","Cmaj7"] brighter wider.

  VERSE2: ["Cmaj7","Am7","Dm7","G7"] similar.

  BRIDGE 4 bars, long tones, two chords per bar max: I'll do one chord per bar or two. chords array length should equal bars? Ambiguous — I'll give 8 chords (2 per bar)? Simpler: 4 chords, one per bar; that's ≤2 per bar.

  FINAL_CHORUS same melody as chorus.

  TAG 2 bars: end on C-E-G triad sustained.

  Melody range C4-G5. Write events.

  INTRO (8 beats):
  [0,"E4",1],[1,"G4",1],[2,"A4",2],[4,"F4",1],[5,"A4",1],[6,"G4",2]

  VERSE (16 beats): stepwise
  [0,"E4",1],[1,"F4",1],[2,"G4",1],[3,"E4",1],
  [4,"A4",2],[6,"G4",2],
  [8,"F4",1],[9,"G4",1],[10,"A4",1],[11,"F4",1],
  [12,"G4",4] — hmm G7 bar, G4 fine. Maybe [12,"D4",1],[13,"E4",1],[14,"F4",1],[15,"G4",1].

  CHORUS (16 beats) brighter wider:
  [0,"G4",1],[1,"C5",1],[2,"E5",2],
  [4,"F5",1],[5,"E5",1],[6,"C5",1],[7,"A4",1],
  [8,"D5",2],[10,"G5",2],
  [12,"E5",1],[13,"C5",1],[14,"G4",2]

  VERSE2: variation of verse:
  [0,"E4",1],[1,"F4",1],[2,"G4",1],[3,"A4",1],
  [4,"G4",2],[6,"E4",2],
  [8,"F4",1],[9,"E4",1],[10,"D4",1],[11,"F4",1],
  [12,"E4",2],[14,"D4",2]

  BRIDGE (16 beats) long tones:
  [0,"E5",4],[4,"D5",4],[8,"C5",4],[12,"B4",4]
  chords: ["Am7","F6","Cmaj7","G7"] — one per bar, fine.

  FINAL_CHORUS same as chorus.

  TAG (8 beats): C tonic triad sustained:
  [0,"C5",4],[4,"E4",4]? Triad sustained — melody single note though. End on E4 then G4 then C5? Simplest: [0,"E4",2],[2,"G4",2],[4,"C5",4]. Chords ["Cmaj7","C"]. Or ["F6","Cmaj7"] resolving. Keep ["G7","Cmaj7"]? TAG simplest: ["Cmaj7","Cmaj7"]. Final sustained tonic: [0,"C5",4],[4,"E4",4]? "simplest possible tonic triad, sustained" — render C5 whole then... I'll do [0,"C4",2],[2,"E4",2],[4,"G4",2],[6,"C5",2]? That's arpeggio, not sustained. Better: [0,"E4",4],[4,"C5",4] with chords implying triad. I'll do [0,"C5",4],[4,"G4",4]. Fine.

  Output strict JSON only.

To resume this session: kimi -r session_0762cea3-996e-474a-921b-cadf746e55fd
exit=0
