kimi version 0.38.0
• Compose the lead sheet. 20 bars total. Chords: need chord per bar presumably — arrays sized to bars. Key: pick C minor-ish? A love song bug report, quirky — maybe F major with a minor tinge, or C. Let me do key of Bb, warm. Wrong note: semitone off from chord tone, e.g., over F7, expected Eb (7th) or A (3rd); use a B natural sneaking in where Bb expected? Mark as accidental foreign to chord. In FINAL_CHORUS it lands right.

  Let me plan: same melodic spot appears in INTRO (bar ~2), VERSE, CHORUS. The wrong note: E natural over a C-7/F7 context where Eb belongs (the classic "one wrong letter"). Resolve to Eb in final chorus.

  Chords per section — array length should equal bars.

  INTRO (2 bars): ["BbMaj7","F7"]
  VERSE (4): ["Gm7","C7","F7","BbMaj7"]
  CHORUS (4): ["EbMaj7","Am7b5"?] keep simpler: ["EbMaj7","D7b9","Gm7","C7"]
  VERSE2 (4): ["Gm7","C7","F7","BbMaj7"]
  BRIDGE (2): ["EbMaj7","D7b9"] or ["Am9","D7b9"]
  FINAL_CHORUS (4): ["EbMaj7","D7b9","Gm7","C7"]

  Wrong note: over F7, the chord tone A expected... simpler: over Gm7/C7 cadence, expected note... Let me make the joke concrete: melody repeatedly reaches toward "Eb" as the 7th of F7 but plays "E natural" (one semitone off, foreign accidental to the chord/key of Bb). In FINAL_CHORUS it finally plays Eb.

  Key: "Bb". Melody events per section, beats 0-based quarter offsets.

  INTRO (2 bars = 8 beats): sparse. 
  [0,"F4",1],[1,"A4",0.5],[1.5,"C5",0.5],[2,"D5",2] — bar1 over BbMaj7. Bar2 over F7: [4,"C5",1],[5,"Eb5",... no wait, wrong note in intro: [4,"C5",1],[5,"E5",1],[6,"D5",2] — E5 is the wrong note (should be Eb5, the 7th of F7). Good.

  VERSE (16 beats): 
  Bar1 Gm7: [0,"D4",1],[1,"F4",1],[2,"G4",2]
  Bar2 C7: [4,"Bb4",1],[5,"G4",1],[6,"E4",2]? E natural is chord tone of C7, fine but might confuse joke. Use [4,"Bb4",1],[5,"G4",1],[6,"A4",2]? A4 over C7 is 6th, ok.
  Bar3 F7: [8,"C5",1],[9,"E5",1],[10,"F5",1],[11,"D5",1] — E5 wrong note again at spot. Hmm the joke says "same spot" appears once in verse. Good.
  Bar4 BbMaj7: [12,"D5",2],[14,"F5",2]

  CHORUS (16 beats):
  EbMaj7: [0,"G4",1],[1,"Bb4",1],[2,"D5",2]
  D7b9: [4,"C5",1],[5,"A4",1],[6,"F#4",2]? F# is 3rd of D7, fine.
  Gm7: [8,"Bb4",1],[9,"D5",1],[10,"F5",2]
  C7: [12,"G4",1],[13,"Bb4",1],[14,"E5",...] wait wrong note in chorus: over C7 expected E4 chord tone; the sneaky wrong note should be same pitch-class? The joke: "the same spot finally lands on the RIGHT note" — same melodic gesture. In intro/verse it's E-natural where Eb wanted (over F7). In chorus, maybe over a different chord but same figure: melody goes C5–E5 where Eb5 expected over... Let's put in chorus bar 4 over C7 moving to resolution; actually put wrong note over an F7-ish moment. Change CHORUS chords: ["EbMaj7","Am7b5","D7b9","Gm7"]? Then where's wrong note? Simpler: chorus bar2 chord "F7" so figure repeats: CHORUS chords: ["EbMaj7","F7","Gm7","C7"]. Bar2 F7: [4,"C5",1],[5,"E5",1],[6,"D5",2] — wrong note. Fine.

  VERSE2 (16): vary slightly.
  Gm7: [0,"Bb4",1],[1,"D5",1],[2,"F5",2]
  C7: [4,"G4",1],[5,"Bb4",1],[6,"C5",2]
  F7: [8,"A4",1],[9,"C5",1],[10,"Eb5",2] — verse2 could already hint right note? Spec says wrong note once in INTRO, VERSE, CHORUS; verse2 unspecified. Keep verse2 correct (E-flat) as a tease. Fine.
  BbMaj7: [12,"D5",2],[14,"C5",2]

  BRIDGE (8 beats): Am9 / D7b9: [0,"E4",1],[1,"G4",1],[2,"B4",2],[4,"C5",1],[5,"A4",1],[6,"F#4",2]? Maybe more tender: [0,"A4",2],[2,"G4",1],[3,"E4",1],[4,"F#4",1],[5,"A4",1],[6,"C5",2].

  FINAL_CHORUS (16): same as chorus but E5→Eb5.
  EbMaj7: [0,"G4",1],[1,"Bb4",1],[2,"D5",2]
  F7: [4,"C5",1],[5,"Eb5",1],[6,"D5",2] — the right note at last!
  Gm7: [8,"Bb4",1],[9,"D5",1],[10,"F5",1],[11,"G5",1]
  C7→final: [12,"A4",1],[13,"Bb4",1],[14,"C5",2]? End on Bb feel... final chord maybe "BbMaj7" for bar4? Structure says FINAL_CHORUS 4 bars; chords: ["EbMaj7","F7","Gm7","BbMaj7"] ending warm: [12,"D5",1],[13,"F5",1],[14,"D5",2]? End on D5 (3rd of Bb). Good.

  Output strict JSON only.

To resume this session: kimi -r session_688f45aa-fdcc-47d4-9b49-880a161ea85c
exit=0
