--- welcome ---
OK mc/welcome.mp3 1207110 bytes
--- segments ---
[1/6] ?: Ha! Slow lander, fish on. Bring it in! That's not a song, th...
[2/6] ?: Watch it splash, watch it slish. He's reaching for his gaff,...
[3/6] ?: Four seasons with the captain. And the captain's his son. I ...
[4/6] ?: Lead it 'round like a pet on a leash. That's not slow. That'...
[5/6] ?: We are all watching and waiting. That's the whole song, righ...
[6/6] ?: And then it gets away! Oh well, other fish in the sea. Too b...
OK segments/seg-01.mp3
[1/5] ?: Before I take this one, I need to say who I think he is. For...
[2/5] ?: Makes guitars. That's a man who knows what a second voice is...
[3/5] ?: He listens to the folk rock of the seventies to the nineties...
[4/5] ?: A guitar maker who listens to songwriters. Everything he tou...
[5/5] ?: So here's my version. It's about the old man's hands — the o...
OK segments/seg-02.mp3
[1/3] ?: My turn. Jed gave me the backstory. I'm not singing the back...
[2/3] ?: He reaches for the gaff, and it's only a pink!...
[3/3] ?: That's the verse. The smallest fish in the sea, and he treat...
OK segments/seg-03.mp3
[1/3] ?: Corinne bent it into the dark. I'm going to project it. A sl...
[2/3] ?: You make losing sound like winning....
[3/3] ?: In the memory, it is. The fish that got away is the one that...
OK segments/seg-04.mp3
[1/3] ?: I've been sitting on the last line since the note came in. T...
[2/3] ?: And you're going to sing it plain....
[3/3] ?: The word as witness. No bending the note. The truth doesn't ...
OK segments/seg-05.mp3
[1/8] ?: Five versions. Now — the crewman's song, whole, the way he g...
[2/8] ?: Slow lander, fish on!...
[3/8] ?: Bring it in, bring it in....
[4/8] ?: Watch it splash, watch it slish....
[5/8] ?: Lead it 'round like a pet on a leash....
[6/8] ?: He's reaching for his gaff, and it's only a pink....
[7/8] ?: We are all watching and waiting....
[8/8] ?: Crewman — this one's yours. Every hand on the line. Good nig...
OK segments/seg-06.mp3
--- songs ---
OK songs/01-shanty/01-shanty.mp3 4200813 bytes
OK songs/02-country/02-country.mp3 4680621 bytes
OK songs/03-blues/03-blues.mp3 4560813 bytes
ERR: 400 b'{"detail":{"type":"invalid_request","code":"bad_request","message":"Your prompt appears to have violated our Terms of Service. Please try again with a different prompt.","status":"bad_prompt","request_id":"9dfffe183dcab713e852a056ea25c7fc","data":{"prompt_suggestion":"A chill synthwave track featuri'
OK songs/05-folk/05-folk.mp3 4200813 bytes
ERR: 400 b'{"detail":{"type":"invalid_request","code":"bad_request","message":"Your prompt appears to have violated our Terms of Service. Please try again with a different prompt.","status":"bad_prompt","request_id":"7817ae8198e527b3e0e365cc339fa9da","data":{"prompt_suggestion":"A folk-rock singer-songwriter a'
ALL SLOW LANDER RENDERS DONE
